MPLINK 5.09, LINKER
Linker Map File - Created Sat Jun 19 19:00:13 2021

                                 Section Info
                  Section       Type    Address   Location Size(Bytes)
                ---------  ---------  ---------  ---------  ---------
                   .org_0       code   0x000000    program   0x000002
                   .cinit    romdata   0x000001    program   0x000004
                   .org_1       code   0x000005    program   0x0000cc
.config_2007_BUILD/DEFAULT/PRODUCTION/MAIN.O       code   0x002007    program   0x000002
.config_2008_BUILD/DEFAULT/PRODUCTION/MAIN.O       code   0x002008    program   0x000002



                              Program Memory Usage 
                               Start         End      
                           ---------   ---------      
                            0x000000    0x000002      
                            0x000005    0x00006a      
                            0x002007    0x002008      
            107 out of 8455 program addresses used, program memory utilization is 1%



                              Symbols - Sorted by Name
                     Name    Address   Location    Storage File                     
                ---------  ---------  ---------  --------- ---------                
                    BUCLE   0x00000f    program     static /home/omars/MPLABXProjects/PIC16F887/A1_Semaforo.X/Main.asm
                   D100ms   0x00004f    program     static /home/omars/MPLABXProjects/PIC16F887/A1_Semaforo.X/Main.asm
                   D100us   0x000038    program     static /home/omars/MPLABXProjects/PIC16F887/A1_Semaforo.X/Main.asm
                     D1ms   0x000047    program     static /home/omars/MPLABXProjects/PIC16F887/A1_Semaforo.X/Main.asm
                      D1s   0x000067    program     static /home/omars/MPLABXProjects/PIC16F887/A1_Semaforo.X/Main.asm
                   D500ms   0x000057    program     static /home/omars/MPLABXProjects/PIC16F887/A1_Semaforo.X/Main.asm
                   D500us   0x00003f    program     static /home/omars/MPLABXProjects/PIC16F887/A1_Semaforo.X/Main.asm
                   D700ms   0x00005f    program     static /home/omars/MPLABXProjects/PIC16F887/A1_Semaforo.X/Main.asm
               Delay100ms   0x00004b    program     static /home/omars/MPLABXProjects/PIC16F887/A1_Semaforo.X/Main.asm
               Delay100us   0x000034    program     static /home/omars/MPLABXProjects/PIC16F887/A1_Semaforo.X/Main.asm
                 Delay1ms   0x000043    program     static /home/omars/MPLABXProjects/PIC16F887/A1_Semaforo.X/Main.asm
                  Delay1s   0x000063    program     static /home/omars/MPLABXProjects/PIC16F887/A1_Semaforo.X/Main.asm
               Delay500ms   0x000053    program     static /home/omars/MPLABXProjects/PIC16F887/A1_Semaforo.X/Main.asm
               Delay500us   0x00003b    program     static /home/omars/MPLABXProjects/PIC16F887/A1_Semaforo.X/Main.asm
               Delay700ms   0x00005b    program     static /home/omars/MPLABXProjects/PIC16F887/A1_Semaforo.X/Main.asm
                   INICIO   0x000005    program     static /home/omars/MPLABXProjects/PIC16F887/A1_Semaforo.X/Main.asm



                              Symbols - Sorted by Address
                     Name    Address   Location    Storage File                     
                ---------  ---------  ---------  --------- ---------                
                   INICIO   0x000005    program     static /home/omars/MPLABXProjects/PIC16F887/A1_Semaforo.X/Main.asm
                    BUCLE   0x00000f    program     static /home/omars/MPLABXProjects/PIC16F887/A1_Semaforo.X/Main.asm
               Delay100us   0x000034    program     static /home/omars/MPLABXProjects/PIC16F887/A1_Semaforo.X/Main.asm
                   D100us   0x000038    program     static /home/omars/MPLABXProjects/PIC16F887/A1_Semaforo.X/Main.asm
               Delay500us   0x00003b    program     static /home/omars/MPLABXProjects/PIC16F887/A1_Semaforo.X/Main.asm
                   D500us   0x00003f    program     static /home/omars/MPLABXProjects/PIC16F887/A1_Semaforo.X/Main.asm
                 Delay1ms   0x000043    program     static /home/omars/MPLABXProjects/PIC16F887/A1_Semaforo.X/Main.asm
                     D1ms   0x000047    program     static /home/omars/MPLABXProjects/PIC16F887/A1_Semaforo.X/Main.asm
               Delay100ms   0x00004b    program     static /home/omars/MPLABXProjects/PIC16F887/A1_Semaforo.X/Main.asm
                   D100ms   0x00004f    program     static /home/omars/MPLABXProjects/PIC16F887/A1_Semaforo.X/Main.asm
               Delay500ms   0x000053    program     static /home/omars/MPLABXProjects/PIC16F887/A1_Semaforo.X/Main.asm
                   D500ms   0x000057    program     static /home/omars/MPLABXProjects/PIC16F887/A1_Semaforo.X/Main.asm
               Delay700ms   0x00005b    program     static /home/omars/MPLABXProjects/PIC16F887/A1_Semaforo.X/Main.asm
                   D700ms   0x00005f    program     static /home/omars/MPLABXProjects/PIC16F887/A1_Semaforo.X/Main.asm
                  Delay1s   0x000063    program     static /home/omars/MPLABXProjects/PIC16F887/A1_Semaforo.X/Main.asm
                      D1s   0x000067    program     static /home/omars/MPLABXProjects/PIC16F887/A1_Semaforo.X/Main.asm


