MPLINK 5.09, LINKER
Linker Map File - Created Thu Jun  3 17:36:21 2021

                                 Section Info
                  Section       Type    Address   Location Size(Bytes)
                ---------  ---------  ---------  ---------  ---------
                   .org_0       code   0x000000    program   0x000002
                   .cinit    romdata   0x000001    program   0x000004
                   .org_1       code   0x000005    program   0x00026a
.config_2007_BUILD/DEFAULT/PRODUCTION/MAIN.O       code   0x002007    program   0x000002
.config_2008_BUILD/DEFAULT/PRODUCTION/MAIN.O       code   0x002008    program   0x000002



                              Program Memory Usage 
                               Start         End      
                           ---------   ---------      
                            0x000000    0x000002      
                            0x000005    0x000139      
                            0x002007    0x002008      
            314 out of 8455 program addresses used, program memory utilization is 3%



                              Symbols - Sorted by Name
                     Name    Address   Location    Storage File                     
                ---------  ---------  ---------  --------- ---------                
                    BUCLE   0x000104    program     static /home/omars/MPLABXProjects/PIC16F887/LCD Perso Char.X/Main.asm
                   D100us   0x000120    program     static /home/omars/MPLABXProjects/PIC16F887/LCD Perso Char.X/Main.asm
                    D15ms   0x00012f    program     static /home/omars/MPLABXProjects/PIC16F887/LCD Perso Char.X/Main.asm
                   D167us   0x000109    program     static /home/omars/MPLABXProjects/PIC16F887/LCD Perso Char.X/Main.asm
                     D1ms   0x000127    program     static /home/omars/MPLABXProjects/PIC16F887/LCD Perso Char.X/Main.asm
                   D334us   0x000110    program     static /home/omars/MPLABXProjects/PIC16F887/LCD Perso Char.X/Main.asm
                   D4_1ms   0x000118    program     static /home/omars/MPLABXProjects/PIC16F887/LCD Perso Char.X/Main.asm
                   D668us   0x000137    program     static /home/omars/MPLABXProjects/PIC16F887/LCD Perso Char.X/Main.asm
               Delay100us   0x00011c    program     static /home/omars/MPLABXProjects/PIC16F887/LCD Perso Char.X/Main.asm
                Delay15ms   0x00012b    program     static /home/omars/MPLABXProjects/PIC16F887/LCD Perso Char.X/Main.asm
               Delay167us   0x000105    program     static /home/omars/MPLABXProjects/PIC16F887/LCD Perso Char.X/Main.asm
                 Delay1ms   0x000123    program     static /home/omars/MPLABXProjects/PIC16F887/LCD Perso Char.X/Main.asm
               Delay334us   0x00010c    program     static /home/omars/MPLABXProjects/PIC16F887/LCD Perso Char.X/Main.asm
               Delay4_1ms   0x000114    program     static /home/omars/MPLABXProjects/PIC16F887/LCD Perso Char.X/Main.asm
               Delay668us   0x000133    program     static /home/omars/MPLABXProjects/PIC16F887/LCD Perso Char.X/Main.asm
                   INICIO   0x000005    program     static /home/omars/MPLABXProjects/PIC16F887/LCD Perso Char.X/Main.asm



                              Symbols - Sorted by Address
                     Name    Address   Location    Storage File                     
                ---------  ---------  ---------  --------- ---------                
                   INICIO   0x000005    program     static /home/omars/MPLABXProjects/PIC16F887/LCD Perso Char.X/Main.asm
                    BUCLE   0x000104    program     static /home/omars/MPLABXProjects/PIC16F887/LCD Perso Char.X/Main.asm
               Delay167us   0x000105    program     static /home/omars/MPLABXProjects/PIC16F887/LCD Perso Char.X/Main.asm
                   D167us   0x000109    program     static /home/omars/MPLABXProjects/PIC16F887/LCD Perso Char.X/Main.asm
               Delay334us   0x00010c    program     static /home/omars/MPLABXProjects/PIC16F887/LCD Perso Char.X/Main.asm
                   D334us   0x000110    program     static /home/omars/MPLABXProjects/PIC16F887/LCD Perso Char.X/Main.asm
               Delay4_1ms   0x000114    program     static /home/omars/MPLABXProjects/PIC16F887/LCD Perso Char.X/Main.asm
                   D4_1ms   0x000118    program     static /home/omars/MPLABXProjects/PIC16F887/LCD Perso Char.X/Main.asm
               Delay100us   0x00011c    program     static /home/omars/MPLABXProjects/PIC16F887/LCD Perso Char.X/Main.asm
                   D100us   0x000120    program     static /home/omars/MPLABXProjects/PIC16F887/LCD Perso Char.X/Main.asm
                 Delay1ms   0x000123    program     static /home/omars/MPLABXProjects/PIC16F887/LCD Perso Char.X/Main.asm
                     D1ms   0x000127    program     static /home/omars/MPLABXProjects/PIC16F887/LCD Perso Char.X/Main.asm
                Delay15ms   0x00012b    program     static /home/omars/MPLABXProjects/PIC16F887/LCD Perso Char.X/Main.asm
                    D15ms   0x00012f    program     static /home/omars/MPLABXProjects/PIC16F887/LCD Perso Char.X/Main.asm
               Delay668us   0x000133    program     static /home/omars/MPLABXProjects/PIC16F887/LCD Perso Char.X/Main.asm
                   D668us   0x000137    program     static /home/omars/MPLABXProjects/PIC16F887/LCD Perso Char.X/Main.asm


