MPLINK 5.09, LINKER
Linker Map File - Created Mon Oct 25 03:45:58 2021

                                 Section Info
                  Section       Type    Address   Location Size(Bytes)
                ---------  ---------  ---------  ---------  ---------
                   .org_0       code   0x000000    program   0x000002
                   .cinit    romdata   0x000001    program   0x000004
                   .org_1       code   0x000004    program   0x000002
                   .org_2       code   0x000005    program   0x000292
.config_2007_BUILD/DEFAULT/PRODUCTION/MAIN.O       code   0x002007    program   0x000002
.config_2008_BUILD/DEFAULT/PRODUCTION/MAIN.O       code   0x002008    program   0x000002



                              Program Memory Usage 
                               Start         End      
                           ---------   ---------      
                            0x000000    0x000002      
                            0x000004    0x00014d      
                            0x002007    0x002008      
            335 out of 8455 program addresses used, program memory utilization is 3%



                              Symbols - Sorted by Name
                     Name    Address   Location    Storage File                     
                ---------  ---------  ---------  --------- ---------                
                    BUCLE   0x00003c    program     static /home/omars/MPLABXProjects/PIC16F887/EUSART INTERRUPT.X/main.asm
                   D100us   0x000134    program     static /home/omars/MPLABXProjects/PIC16F887/EUSART INTERRUPT.X/LCD_lib.inc
                    D15ms   0x000143    program     static /home/omars/MPLABXProjects/PIC16F887/EUSART INTERRUPT.X/LCD_lib.inc
                   D167us   0x00011d    program     static /home/omars/MPLABXProjects/PIC16F887/EUSART INTERRUPT.X/LCD_lib.inc
                     D1ms   0x00013b    program     static /home/omars/MPLABXProjects/PIC16F887/EUSART INTERRUPT.X/LCD_lib.inc
                   D334us   0x000124    program     static /home/omars/MPLABXProjects/PIC16F887/EUSART INTERRUPT.X/LCD_lib.inc
                   D4_1ms   0x00012c    program     static /home/omars/MPLABXProjects/PIC16F887/EUSART INTERRUPT.X/LCD_lib.inc
                   D668us   0x00014b    program     static /home/omars/MPLABXProjects/PIC16F887/EUSART INTERRUPT.X/LCD_lib.inc
               Delay100us   0x000130    program     static /home/omars/MPLABXProjects/PIC16F887/EUSART INTERRUPT.X/LCD_lib.inc
                Delay15ms   0x00013f    program     static /home/omars/MPLABXProjects/PIC16F887/EUSART INTERRUPT.X/LCD_lib.inc
               Delay167us   0x000119    program     static /home/omars/MPLABXProjects/PIC16F887/EUSART INTERRUPT.X/LCD_lib.inc
                 Delay1ms   0x000137    program     static /home/omars/MPLABXProjects/PIC16F887/EUSART INTERRUPT.X/LCD_lib.inc
               Delay334us   0x000120    program     static /home/omars/MPLABXProjects/PIC16F887/EUSART INTERRUPT.X/LCD_lib.inc
               Delay4_1ms   0x000128    program     static /home/omars/MPLABXProjects/PIC16F887/EUSART INTERRUPT.X/LCD_lib.inc
               Delay668us   0x000147    program     static /home/omars/MPLABXProjects/PIC16F887/EUSART INTERRUPT.X/LCD_lib.inc
                   INICIO   0x000005    program     static /home/omars/MPLABXProjects/PIC16F887/EUSART INTERRUPT.X/main.asm
          INTERRUPCION_RX   0x00003d    program     static /home/omars/MPLABXProjects/PIC16F887/EUSART INTERRUPT.X/main.asm
                 LCD_Char   0x0000d0    program     static /home/omars/MPLABXProjects/PIC16F887/EUSART INTERRUPT.X/LCD_lib.inc
                LCD_Clear   0x0000e5    program     static /home/omars/MPLABXProjects/PIC16F887/EUSART INTERRUPT.X/LCD_lib.inc
                 LCD_GoTo   0x000105    program     static /home/omars/MPLABXProjects/PIC16F887/EUSART INTERRUPT.X/LCD_lib.inc
                 LCD_Home   0x0000f5    program     static /home/omars/MPLABXProjects/PIC16F887/EUSART INTERRUPT.X/LCD_lib.inc
                 LCD_Init   0x000055    program     static /home/omars/MPLABXProjects/PIC16F887/EUSART INTERRUPT.X/LCD_lib.inc



                              Symbols - Sorted by Address
                     Name    Address   Location    Storage File                     
                ---------  ---------  ---------  --------- ---------                
                   INICIO   0x000005    program     static /home/omars/MPLABXProjects/PIC16F887/EUSART INTERRUPT.X/main.asm
                    BUCLE   0x00003c    program     static /home/omars/MPLABXProjects/PIC16F887/EUSART INTERRUPT.X/main.asm
          INTERRUPCION_RX   0x00003d    program     static /home/omars/MPLABXProjects/PIC16F887/EUSART INTERRUPT.X/main.asm
                 LCD_Init   0x000055    program     static /home/omars/MPLABXProjects/PIC16F887/EUSART INTERRUPT.X/LCD_lib.inc
                 LCD_Char   0x0000d0    program     static /home/omars/MPLABXProjects/PIC16F887/EUSART INTERRUPT.X/LCD_lib.inc
                LCD_Clear   0x0000e5    program     static /home/omars/MPLABXProjects/PIC16F887/EUSART INTERRUPT.X/LCD_lib.inc
                 LCD_Home   0x0000f5    program     static /home/omars/MPLABXProjects/PIC16F887/EUSART INTERRUPT.X/LCD_lib.inc
                 LCD_GoTo   0x000105    program     static /home/omars/MPLABXProjects/PIC16F887/EUSART INTERRUPT.X/LCD_lib.inc
               Delay167us   0x000119    program     static /home/omars/MPLABXProjects/PIC16F887/EUSART INTERRUPT.X/LCD_lib.inc
                   D167us   0x00011d    program     static /home/omars/MPLABXProjects/PIC16F887/EUSART INTERRUPT.X/LCD_lib.inc
               Delay334us   0x000120    program     static /home/omars/MPLABXProjects/PIC16F887/EUSART INTERRUPT.X/LCD_lib.inc
                   D334us   0x000124    program     static /home/omars/MPLABXProjects/PIC16F887/EUSART INTERRUPT.X/LCD_lib.inc
               Delay4_1ms   0x000128    program     static /home/omars/MPLABXProjects/PIC16F887/EUSART INTERRUPT.X/LCD_lib.inc
                   D4_1ms   0x00012c    program     static /home/omars/MPLABXProjects/PIC16F887/EUSART INTERRUPT.X/LCD_lib.inc
               Delay100us   0x000130    program     static /home/omars/MPLABXProjects/PIC16F887/EUSART INTERRUPT.X/LCD_lib.inc
                   D100us   0x000134    program     static /home/omars/MPLABXProjects/PIC16F887/EUSART INTERRUPT.X/LCD_lib.inc
                 Delay1ms   0x000137    program     static /home/omars/MPLABXProjects/PIC16F887/EUSART INTERRUPT.X/LCD_lib.inc
                     D1ms   0x00013b    program     static /home/omars/MPLABXProjects/PIC16F887/EUSART INTERRUPT.X/LCD_lib.inc
                Delay15ms   0x00013f    program     static /home/omars/MPLABXProjects/PIC16F887/EUSART INTERRUPT.X/LCD_lib.inc
                    D15ms   0x000143    program     static /home/omars/MPLABXProjects/PIC16F887/EUSART INTERRUPT.X/LCD_lib.inc
               Delay668us   0x000147    program     static /home/omars/MPLABXProjects/PIC16F887/EUSART INTERRUPT.X/LCD_lib.inc
                   D668us   0x00014b    program     static /home/omars/MPLABXProjects/PIC16F887/EUSART INTERRUPT.X/LCD_lib.inc


