MPLINK 5.09, LINKER
Linker Map File - Created Tue Aug 31 18:33:41 2021

                                 Section Info
                  Section       Type    Address   Location Size(Bytes)
                ---------  ---------  ---------  ---------  ---------
                   .org_0       code   0x000000    program   0x000002
                   .cinit    romdata   0x000001    program   0x000004
                   .org_1       code   0x000005    program   0x00028c
.config_2007_BUILD/DEFAULT/PRODUCTION/MAIN.O       code   0x002007    program   0x000002
.config_2008_BUILD/DEFAULT/PRODUCTION/MAIN.O       code   0x002008    program   0x000002



                              Program Memory Usage 
                               Start         End      
                           ---------   ---------      
                            0x000000    0x000002      
                            0x000005    0x00014a      
                            0x002007    0x002008      
            331 out of 8455 program addresses used, program memory utilization is 3%



                              Symbols - Sorted by Name
                     Name    Address   Location    Storage File                     
                ---------  ---------  ---------  --------- ---------                
                    BUCLE   0x000038    program     static /home/omars/MPLABXProjects/PIC16F887/LCD_RS232.X/main.asm
                   D100ms   0x000147    program     static /home/omars/MPLABXProjects/PIC16F887/LCD_RS232.X/LCD.inc
                   D100us   0x000129    program     static /home/omars/MPLABXProjects/PIC16F887/LCD_RS232.X/LCD.inc
                    D15ms   0x000138    program     static /home/omars/MPLABXProjects/PIC16F887/LCD_RS232.X/LCD.inc
                   D167us   0x000112    program     static /home/omars/MPLABXProjects/PIC16F887/LCD_RS232.X/LCD.inc
                     D1ms   0x000130    program     static /home/omars/MPLABXProjects/PIC16F887/LCD_RS232.X/LCD.inc
                   D334us   0x000119    program     static /home/omars/MPLABXProjects/PIC16F887/LCD_RS232.X/LCD.inc
                   D4_1ms   0x000121    program     static /home/omars/MPLABXProjects/PIC16F887/LCD_RS232.X/LCD.inc
                   D668us   0x000140    program     static /home/omars/MPLABXProjects/PIC16F887/LCD_RS232.X/LCD.inc
               Delay100ms   0x000143    program     static /home/omars/MPLABXProjects/PIC16F887/LCD_RS232.X/LCD.inc
               Delay100us   0x000125    program     static /home/omars/MPLABXProjects/PIC16F887/LCD_RS232.X/LCD.inc
                Delay15ms   0x000134    program     static /home/omars/MPLABXProjects/PIC16F887/LCD_RS232.X/LCD.inc
               Delay167us   0x00010e    program     static /home/omars/MPLABXProjects/PIC16F887/LCD_RS232.X/LCD.inc
                 Delay1ms   0x00012c    program     static /home/omars/MPLABXProjects/PIC16F887/LCD_RS232.X/LCD.inc
               Delay334us   0x000115    program     static /home/omars/MPLABXProjects/PIC16F887/LCD_RS232.X/LCD.inc
               Delay4_1ms   0x00011d    program     static /home/omars/MPLABXProjects/PIC16F887/LCD_RS232.X/LCD.inc
               Delay668us   0x00013c    program     static /home/omars/MPLABXProjects/PIC16F887/LCD_RS232.X/LCD.inc
                   INICIO   0x000005    program     static /home/omars/MPLABXProjects/PIC16F887/LCD_RS232.X/main.asm
                 LCD_Char   0x0000c5    program     static /home/omars/MPLABXProjects/PIC16F887/LCD_RS232.X/LCD.inc
                LCD_Clear   0x0000da    program     static /home/omars/MPLABXProjects/PIC16F887/LCD_RS232.X/LCD.inc
                 LCD_GoTo   0x0000fa    program     static /home/omars/MPLABXProjects/PIC16F887/LCD_RS232.X/LCD.inc
                 LCD_Home   0x0000ea    program     static /home/omars/MPLABXProjects/PIC16F887/LCD_RS232.X/LCD.inc
                 LCD_Init   0x00004a    program     static /home/omars/MPLABXProjects/PIC16F887/LCD_RS232.X/LCD.inc



                              Symbols - Sorted by Address
                     Name    Address   Location    Storage File                     
                ---------  ---------  ---------  --------- ---------                
                   INICIO   0x000005    program     static /home/omars/MPLABXProjects/PIC16F887/LCD_RS232.X/main.asm
                    BUCLE   0x000038    program     static /home/omars/MPLABXProjects/PIC16F887/LCD_RS232.X/main.asm
                 LCD_Init   0x00004a    program     static /home/omars/MPLABXProjects/PIC16F887/LCD_RS232.X/LCD.inc
                 LCD_Char   0x0000c5    program     static /home/omars/MPLABXProjects/PIC16F887/LCD_RS232.X/LCD.inc
                LCD_Clear   0x0000da    program     static /home/omars/MPLABXProjects/PIC16F887/LCD_RS232.X/LCD.inc
                 LCD_Home   0x0000ea    program     static /home/omars/MPLABXProjects/PIC16F887/LCD_RS232.X/LCD.inc
                 LCD_GoTo   0x0000fa    program     static /home/omars/MPLABXProjects/PIC16F887/LCD_RS232.X/LCD.inc
               Delay167us   0x00010e    program     static /home/omars/MPLABXProjects/PIC16F887/LCD_RS232.X/LCD.inc
                   D167us   0x000112    program     static /home/omars/MPLABXProjects/PIC16F887/LCD_RS232.X/LCD.inc
               Delay334us   0x000115    program     static /home/omars/MPLABXProjects/PIC16F887/LCD_RS232.X/LCD.inc
                   D334us   0x000119    program     static /home/omars/MPLABXProjects/PIC16F887/LCD_RS232.X/LCD.inc
               Delay4_1ms   0x00011d    program     static /home/omars/MPLABXProjects/PIC16F887/LCD_RS232.X/LCD.inc
                   D4_1ms   0x000121    program     static /home/omars/MPLABXProjects/PIC16F887/LCD_RS232.X/LCD.inc
               Delay100us   0x000125    program     static /home/omars/MPLABXProjects/PIC16F887/LCD_RS232.X/LCD.inc
                   D100us   0x000129    program     static /home/omars/MPLABXProjects/PIC16F887/LCD_RS232.X/LCD.inc
                 Delay1ms   0x00012c    program     static /home/omars/MPLABXProjects/PIC16F887/LCD_RS232.X/LCD.inc
                     D1ms   0x000130    program     static /home/omars/MPLABXProjects/PIC16F887/LCD_RS232.X/LCD.inc
                Delay15ms   0x000134    program     static /home/omars/MPLABXProjects/PIC16F887/LCD_RS232.X/LCD.inc
                    D15ms   0x000138    program     static /home/omars/MPLABXProjects/PIC16F887/LCD_RS232.X/LCD.inc
               Delay668us   0x00013c    program     static /home/omars/MPLABXProjects/PIC16F887/LCD_RS232.X/LCD.inc
                   D668us   0x000140    program     static /home/omars/MPLABXProjects/PIC16F887/LCD_RS232.X/LCD.inc
               Delay100ms   0x000143    program     static /home/omars/MPLABXProjects/PIC16F887/LCD_RS232.X/LCD.inc
                   D100ms   0x000147    program     static /home/omars/MPLABXProjects/PIC16F887/LCD_RS232.X/LCD.inc


