MPLINK 5.09, LINKER
Linker Map File - Created Thu Nov  4 01:50:36 2021

                                 Section Info
                  Section       Type    Address   Location Size(Bytes)
                ---------  ---------  ---------  ---------  ---------
                   .org_0       code   0x000000    program   0x000002
                   .cinit    romdata   0x000001    program   0x000004
                   .org_1       code   0x000004    program   0x000002
                   .org_2       code   0x000005    program   0x00008e
.config_2007_BUILD/DEFAULT/PRODUCTION/MAIN.O       code   0x002007    program   0x000002
.config_2008_BUILD/DEFAULT/PRODUCTION/MAIN.O       code   0x002008    program   0x000002



                              Program Memory Usage 
                               Start         End      
                           ---------   ---------      
                            0x000000    0x000002      
                            0x000004    0x00004b      
                            0x002007    0x002008      
            77 out of 8455 program addresses used, program memory utilization is 0%



                              Symbols - Sorted by Name
                     Name    Address   Location    Storage File                     
                ---------  ---------  ---------  --------- ---------                
                    BUCLE   0x000027    program     static /home/omars/MPLABXProjects/PIC16F887/InterruptADC.X/main.asm
                   INICIO   0x000005    program     static /home/omars/MPLABXProjects/PIC16F887/InterruptADC.X/main.asm
         INTERRUPCION_ADC   0x000028    program     static /home/omars/MPLABXProjects/PIC16F887/InterruptADC.X/main.asm



                              Symbols - Sorted by Address
                     Name    Address   Location    Storage File                     
                ---------  ---------  ---------  --------- ---------                
                   INICIO   0x000005    program     static /home/omars/MPLABXProjects/PIC16F887/InterruptADC.X/main.asm
                    BUCLE   0x000027    program     static /home/omars/MPLABXProjects/PIC16F887/InterruptADC.X/main.asm
         INTERRUPCION_ADC   0x000028    program     static /home/omars/MPLABXProjects/PIC16F887/InterruptADC.X/main.asm


