MPLINK 5.09, LINKER
Linker Map File - Created Fri Apr 22 01:26:31 2022

                                 Section Info
                  Section       Type    Address   Location Size(Bytes)
                ---------  ---------  ---------  ---------  ---------
                   .org_0       code   0x000000    program   0x000002
                   .cinit    romdata   0x000001    program   0x000004
                   .org_1       code   0x000004    program   0x000002
                   .org_2       code   0x000005    program   0x000312
.config_2007_BUILD/DEFAULT/PRODUCTION/MAIN.O       code   0x002007    program   0x000002
.config_2008_BUILD/DEFAULT/PRODUCTION/MAIN.O       code   0x002008    program   0x000002



                              Program Memory Usage 
                               Start         End      
                           ---------   ---------      
                            0x000000    0x000002      
                            0x000004    0x00018d      
                            0x002007    0x002008      
            399 out of 8455 program addresses used, program memory utilization is 4%



                              Symbols - Sorted by Name
                     Name    Address   Location    Storage File                     
                ---------  ---------  ---------  --------- ---------                
                    BUCLE   0x000049    program     static /home/omars/MPLABXProjects/PIC16F887/Interrupt_Clear_LCD.X/main.asm
                   D100us   0x00016c    program     static /home/omars/MPLABXProjects/PIC16F887/Interrupt_Clear_LCD.X/LCD.inc
                    D15ms   0x00017b    program     static /home/omars/MPLABXProjects/PIC16F887/Interrupt_Clear_LCD.X/LCD.inc
                   D167us   0x000155    program     static /home/omars/MPLABXProjects/PIC16F887/Interrupt_Clear_LCD.X/LCD.inc
                     D1ms   0x000173    program     static /home/omars/MPLABXProjects/PIC16F887/Interrupt_Clear_LCD.X/LCD.inc
                      D1s   0x00018a    program     static /home/omars/MPLABXProjects/PIC16F887/Interrupt_Clear_LCD.X/LCD.inc
                   D334us   0x00015c    program     static /home/omars/MPLABXProjects/PIC16F887/Interrupt_Clear_LCD.X/LCD.inc
                   D4_1ms   0x000164    program     static /home/omars/MPLABXProjects/PIC16F887/Interrupt_Clear_LCD.X/LCD.inc
                   D668us   0x000183    program     static /home/omars/MPLABXProjects/PIC16F887/Interrupt_Clear_LCD.X/LCD.inc
               Delay100us   0x000168    program     static /home/omars/MPLABXProjects/PIC16F887/Interrupt_Clear_LCD.X/LCD.inc
                Delay15ms   0x000177    program     static /home/omars/MPLABXProjects/PIC16F887/Interrupt_Clear_LCD.X/LCD.inc
               Delay167us   0x000151    program     static /home/omars/MPLABXProjects/PIC16F887/Interrupt_Clear_LCD.X/LCD.inc
                 Delay1_s   0x000186    program     static /home/omars/MPLABXProjects/PIC16F887/Interrupt_Clear_LCD.X/LCD.inc
                 Delay1ms   0x00016f    program     static /home/omars/MPLABXProjects/PIC16F887/Interrupt_Clear_LCD.X/LCD.inc
               Delay334us   0x000158    program     static /home/omars/MPLABXProjects/PIC16F887/Interrupt_Clear_LCD.X/LCD.inc
               Delay4_1ms   0x000160    program     static /home/omars/MPLABXProjects/PIC16F887/Interrupt_Clear_LCD.X/LCD.inc
               Delay668us   0x00017f    program     static /home/omars/MPLABXProjects/PIC16F887/Interrupt_Clear_LCD.X/LCD.inc
                   INICIO   0x000005    program     static /home/omars/MPLABXProjects/PIC16F887/Interrupt_Clear_LCD.X/main.asm
          INTERRUPCION_RX   0x00004a    program     static /home/omars/MPLABXProjects/PIC16F887/Interrupt_Clear_LCD.X/main.asm
                 LCD_Char   0x000108    program     static /home/omars/MPLABXProjects/PIC16F887/Interrupt_Clear_LCD.X/LCD.inc
                LCD_Clear   0x00011d    program     static /home/omars/MPLABXProjects/PIC16F887/Interrupt_Clear_LCD.X/LCD.inc
                 LCD_GoTo   0x00013d    program     static /home/omars/MPLABXProjects/PIC16F887/Interrupt_Clear_LCD.X/LCD.inc
                 LCD_Home   0x00012d    program     static /home/omars/MPLABXProjects/PIC16F887/Interrupt_Clear_LCD.X/LCD.inc
                 LCD_Init   0x00008d    program     static /home/omars/MPLABXProjects/PIC16F887/Interrupt_Clear_LCD.X/LCD.inc
            SHOW_RECIBIDO   0x000085    program     static /home/omars/MPLABXProjects/PIC16F887/Interrupt_Clear_LCD.X/main.asm



                              Symbols - Sorted by Address
                     Name    Address   Location    Storage File                     
                ---------  ---------  ---------  --------- ---------                
                   INICIO   0x000005    program     static /home/omars/MPLABXProjects/PIC16F887/Interrupt_Clear_LCD.X/main.asm
                    BUCLE   0x000049    program     static /home/omars/MPLABXProjects/PIC16F887/Interrupt_Clear_LCD.X/main.asm
          INTERRUPCION_RX   0x00004a    program     static /home/omars/MPLABXProjects/PIC16F887/Interrupt_Clear_LCD.X/main.asm
            SHOW_RECIBIDO   0x000085    program     static /home/omars/MPLABXProjects/PIC16F887/Interrupt_Clear_LCD.X/main.asm
                 LCD_Init   0x00008d    program     static /home/omars/MPLABXProjects/PIC16F887/Interrupt_Clear_LCD.X/LCD.inc
                 LCD_Char   0x000108    program     static /home/omars/MPLABXProjects/PIC16F887/Interrupt_Clear_LCD.X/LCD.inc
                LCD_Clear   0x00011d    program     static /home/omars/MPLABXProjects/PIC16F887/Interrupt_Clear_LCD.X/LCD.inc
                 LCD_Home   0x00012d    program     static /home/omars/MPLABXProjects/PIC16F887/Interrupt_Clear_LCD.X/LCD.inc
                 LCD_GoTo   0x00013d    program     static /home/omars/MPLABXProjects/PIC16F887/Interrupt_Clear_LCD.X/LCD.inc
               Delay167us   0x000151    program     static /home/omars/MPLABXProjects/PIC16F887/Interrupt_Clear_LCD.X/LCD.inc
                   D167us   0x000155    program     static /home/omars/MPLABXProjects/PIC16F887/Interrupt_Clear_LCD.X/LCD.inc
               Delay334us   0x000158    program     static /home/omars/MPLABXProjects/PIC16F887/Interrupt_Clear_LCD.X/LCD.inc
                   D334us   0x00015c    program     static /home/omars/MPLABXProjects/PIC16F887/Interrupt_Clear_LCD.X/LCD.inc
               Delay4_1ms   0x000160    program     static /home/omars/MPLABXProjects/PIC16F887/Interrupt_Clear_LCD.X/LCD.inc
                   D4_1ms   0x000164    program     static /home/omars/MPLABXProjects/PIC16F887/Interrupt_Clear_LCD.X/LCD.inc
               Delay100us   0x000168    program     static /home/omars/MPLABXProjects/PIC16F887/Interrupt_Clear_LCD.X/LCD.inc
                   D100us   0x00016c    program     static /home/omars/MPLABXProjects/PIC16F887/Interrupt_Clear_LCD.X/LCD.inc
                 Delay1ms   0x00016f    program     static /home/omars/MPLABXProjects/PIC16F887/Interrupt_Clear_LCD.X/LCD.inc
                     D1ms   0x000173    program     static /home/omars/MPLABXProjects/PIC16F887/Interrupt_Clear_LCD.X/LCD.inc
                Delay15ms   0x000177    program     static /home/omars/MPLABXProjects/PIC16F887/Interrupt_Clear_LCD.X/LCD.inc
                    D15ms   0x00017b    program     static /home/omars/MPLABXProjects/PIC16F887/Interrupt_Clear_LCD.X/LCD.inc
               Delay668us   0x00017f    program     static /home/omars/MPLABXProjects/PIC16F887/Interrupt_Clear_LCD.X/LCD.inc
                   D668us   0x000183    program     static /home/omars/MPLABXProjects/PIC16F887/Interrupt_Clear_LCD.X/LCD.inc
                 Delay1_s   0x000186    program     static /home/omars/MPLABXProjects/PIC16F887/Interrupt_Clear_LCD.X/LCD.inc
                      D1s   0x00018a    program     static /home/omars/MPLABXProjects/PIC16F887/Interrupt_Clear_LCD.X/LCD.inc


