MPLINK 5.09, LINKER
Linker Map File - Created Thu Dec 16 01:38:48 2021

                                 Section Info
                  Section       Type    Address   Location Size(Bytes)
                ---------  ---------  ---------  ---------  ---------
                   .org_0       code   0x000000    program   0x000002
                   .cinit    romdata   0x000001    program   0x000004
                   .org_1       code   0x000005    program   0x00036e
.config_2007_BUILD/DEFAULT/PRODUCTION/MAIN.O       code   0x002007    program   0x000002
.config_2008_BUILD/DEFAULT/PRODUCTION/MAIN.O       code   0x002008    program   0x000002



                              Program Memory Usage 
                               Start         End      
                           ---------   ---------      
                            0x000000    0x000002      
                            0x000005    0x0001bb      
                            0x002007    0x002008      
            444 out of 8455 program addresses used, program memory utilization is 5%



                              Symbols - Sorted by Name
                     Name    Address   Location    Storage File                     
                ---------  ---------  ---------  --------- ---------                
                    BUCLE   0x000032    program     static /home/omars/MPLABXProjects/PIC16F887/ExB1_Advertencia LCD.X/main.asm
                   D100us   0x00019a    program     static /home/omars/MPLABXProjects/PIC16F887/ExB1_Advertencia LCD.X/LCD_lib.inc
                    D15ms   0x0001a9    program     static /home/omars/MPLABXProjects/PIC16F887/ExB1_Advertencia LCD.X/LCD_lib.inc
                   D167us   0x000183    program     static /home/omars/MPLABXProjects/PIC16F887/ExB1_Advertencia LCD.X/LCD_lib.inc
                     D1ms   0x0001a1    program     static /home/omars/MPLABXProjects/PIC16F887/ExB1_Advertencia LCD.X/LCD_lib.inc
                      D1s   0x0001b1    program     static /home/omars/MPLABXProjects/PIC16F887/ExB1_Advertencia LCD.X/LCD_lib.inc
                   D334us   0x00018a    program     static /home/omars/MPLABXProjects/PIC16F887/ExB1_Advertencia LCD.X/LCD_lib.inc
                   D4_1ms   0x000192    program     static /home/omars/MPLABXProjects/PIC16F887/ExB1_Advertencia LCD.X/LCD_lib.inc
                   D668us   0x0001b9    program     static /home/omars/MPLABXProjects/PIC16F887/ExB1_Advertencia LCD.X/LCD_lib.inc
               Delay100us   0x000196    program     static /home/omars/MPLABXProjects/PIC16F887/ExB1_Advertencia LCD.X/LCD_lib.inc
                Delay15ms   0x0001a5    program     static /home/omars/MPLABXProjects/PIC16F887/ExB1_Advertencia LCD.X/LCD_lib.inc
               Delay167us   0x00017f    program     static /home/omars/MPLABXProjects/PIC16F887/ExB1_Advertencia LCD.X/LCD_lib.inc
                 Delay1ms   0x00019d    program     static /home/omars/MPLABXProjects/PIC16F887/ExB1_Advertencia LCD.X/LCD_lib.inc
                  Delay1s   0x0001ad    program     static /home/omars/MPLABXProjects/PIC16F887/ExB1_Advertencia LCD.X/LCD_lib.inc
               Delay334us   0x000186    program     static /home/omars/MPLABXProjects/PIC16F887/ExB1_Advertencia LCD.X/LCD_lib.inc
               Delay4_1ms   0x00018e    program     static /home/omars/MPLABXProjects/PIC16F887/ExB1_Advertencia LCD.X/LCD_lib.inc
               Delay668us   0x0001b5    program     static /home/omars/MPLABXProjects/PIC16F887/ExB1_Advertencia LCD.X/LCD_lib.inc
                   INICIO   0x000005    program     static /home/omars/MPLABXProjects/PIC16F887/ExB1_Advertencia LCD.X/main.asm
                 LCD_Char   0x000136    program     static /home/omars/MPLABXProjects/PIC16F887/ExB1_Advertencia LCD.X/LCD_lib.inc
                LCD_Clear   0x00014b    program     static /home/omars/MPLABXProjects/PIC16F887/ExB1_Advertencia LCD.X/LCD_lib.inc
                 LCD_GoTo   0x00016b    program     static /home/omars/MPLABXProjects/PIC16F887/ExB1_Advertencia LCD.X/LCD_lib.inc
                 LCD_Home   0x00015b    program     static /home/omars/MPLABXProjects/PIC16F887/ExB1_Advertencia LCD.X/LCD_lib.inc
                 LCD_Init   0x0000bb    program     static /home/omars/MPLABXProjects/PIC16F887/ExB1_Advertencia LCD.X/LCD_lib.inc
                 TEMP_NOK   0x000099    program     static /home/omars/MPLABXProjects/PIC16F887/ExB1_Advertencia LCD.X/main.asm
                  TEMP_OK   0x000077    program     static /home/omars/MPLABXProjects/PIC16F887/ExB1_Advertencia LCD.X/main.asm



                              Symbols - Sorted by Address
                     Name    Address   Location    Storage File                     
                ---------  ---------  ---------  --------- ---------                
                   INICIO   0x000005    program     static /home/omars/MPLABXProjects/PIC16F887/ExB1_Advertencia LCD.X/main.asm
                    BUCLE   0x000032    program     static /home/omars/MPLABXProjects/PIC16F887/ExB1_Advertencia LCD.X/main.asm
                  TEMP_OK   0x000077    program     static /home/omars/MPLABXProjects/PIC16F887/ExB1_Advertencia LCD.X/main.asm
                 TEMP_NOK   0x000099    program     static /home/omars/MPLABXProjects/PIC16F887/ExB1_Advertencia LCD.X/main.asm
                 LCD_Init   0x0000bb    program     static /home/omars/MPLABXProjects/PIC16F887/ExB1_Advertencia LCD.X/LCD_lib.inc
                 LCD_Char   0x000136    program     static /home/omars/MPLABXProjects/PIC16F887/ExB1_Advertencia LCD.X/LCD_lib.inc
                LCD_Clear   0x00014b    program     static /home/omars/MPLABXProjects/PIC16F887/ExB1_Advertencia LCD.X/LCD_lib.inc
                 LCD_Home   0x00015b    program     static /home/omars/MPLABXProjects/PIC16F887/ExB1_Advertencia LCD.X/LCD_lib.inc
                 LCD_GoTo   0x00016b    program     static /home/omars/MPLABXProjects/PIC16F887/ExB1_Advertencia LCD.X/LCD_lib.inc
               Delay167us   0x00017f    program     static /home/omars/MPLABXProjects/PIC16F887/ExB1_Advertencia LCD.X/LCD_lib.inc
                   D167us   0x000183    program     static /home/omars/MPLABXProjects/PIC16F887/ExB1_Advertencia LCD.X/LCD_lib.inc
               Delay334us   0x000186    program     static /home/omars/MPLABXProjects/PIC16F887/ExB1_Advertencia LCD.X/LCD_lib.inc
                   D334us   0x00018a    program     static /home/omars/MPLABXProjects/PIC16F887/ExB1_Advertencia LCD.X/LCD_lib.inc
               Delay4_1ms   0x00018e    program     static /home/omars/MPLABXProjects/PIC16F887/ExB1_Advertencia LCD.X/LCD_lib.inc
                   D4_1ms   0x000192    program     static /home/omars/MPLABXProjects/PIC16F887/ExB1_Advertencia LCD.X/LCD_lib.inc
               Delay100us   0x000196    program     static /home/omars/MPLABXProjects/PIC16F887/ExB1_Advertencia LCD.X/LCD_lib.inc
                   D100us   0x00019a    program     static /home/omars/MPLABXProjects/PIC16F887/ExB1_Advertencia LCD.X/LCD_lib.inc
                 Delay1ms   0x00019d    program     static /home/omars/MPLABXProjects/PIC16F887/ExB1_Advertencia LCD.X/LCD_lib.inc
                     D1ms   0x0001a1    program     static /home/omars/MPLABXProjects/PIC16F887/ExB1_Advertencia LCD.X/LCD_lib.inc
                Delay15ms   0x0001a5    program     static /home/omars/MPLABXProjects/PIC16F887/ExB1_Advertencia LCD.X/LCD_lib.inc
                    D15ms   0x0001a9    program     static /home/omars/MPLABXProjects/PIC16F887/ExB1_Advertencia LCD.X/LCD_lib.inc
                  Delay1s   0x0001ad    program     static /home/omars/MPLABXProjects/PIC16F887/ExB1_Advertencia LCD.X/LCD_lib.inc
                      D1s   0x0001b1    program     static /home/omars/MPLABXProjects/PIC16F887/ExB1_Advertencia LCD.X/LCD_lib.inc
               Delay668us   0x0001b5    program     static /home/omars/MPLABXProjects/PIC16F887/ExB1_Advertencia LCD.X/LCD_lib.inc
                   D668us   0x0001b9    program     static /home/omars/MPLABXProjects/PIC16F887/ExB1_Advertencia LCD.X/LCD_lib.inc


