MPLINK 5.09, LINKER
Linker Map File - Created Sat Aug  7 18:42:10 2021

                                 Section Info
                  Section       Type    Address   Location Size(Bytes)
                ---------  ---------  ---------  ---------  ---------
                   .org_0       code   0x000000    program   0x000002
                   .cinit    romdata   0x000001    program   0x000004
                   .org_1       code   0x000005    program   0x0002fa
.config_2007_BUILD/DEFAULT/PRODUCTION/MAIN.O       code   0x002007    program   0x000002
.config_2008_BUILD/DEFAULT/PRODUCTION/MAIN.O       code   0x002008    program   0x000002



                              Program Memory Usage 
                               Start         End      
                           ---------   ---------      
                            0x000000    0x000002      
                            0x000005    0x000181      
                            0x002007    0x002008      
            386 out of 8455 program addresses used, program memory utilization is 4%



                              Symbols - Sorted by Name
                     Name    Address   Location    Storage File                     
                ---------  ---------  ---------  --------- ---------                
                    BUCLE   0x00002e    program     static /home/omars/MPLABXProjects/PIC16F887/ADC vref lcd.X/main.asm
                BUCLE_MUL   0x00014f    program     static /home/omars/MPLABXProjects/PIC16F887/ADC vref lcd.X/MUL.inc
                BUCLE_POW   0x000172    program     static /home/omars/MPLABXProjects/PIC16F887/ADC vref lcd.X/POW.inc
               CONVERSION   0x000044    program     static /home/omars/MPLABXProjects/PIC16F887/ADC vref lcd.X/main.asm
                   D100us   0x000131    program     static /home/omars/MPLABXProjects/PIC16F887/ADC vref lcd.X/LCD.inc
                    D15ms   0x000140    program     static /home/omars/MPLABXProjects/PIC16F887/ADC vref lcd.X/LCD.inc
                   D167us   0x00011a    program     static /home/omars/MPLABXProjects/PIC16F887/ADC vref lcd.X/LCD.inc
                     D1ms   0x000138    program     static /home/omars/MPLABXProjects/PIC16F887/ADC vref lcd.X/LCD.inc
                   D334us   0x000121    program     static /home/omars/MPLABXProjects/PIC16F887/ADC vref lcd.X/LCD.inc
                   D4_1ms   0x000129    program     static /home/omars/MPLABXProjects/PIC16F887/ADC vref lcd.X/LCD.inc
                   D668us   0x000148    program     static /home/omars/MPLABXProjects/PIC16F887/ADC vref lcd.X/LCD.inc
               Delay100us   0x00012d    program     static /home/omars/MPLABXProjects/PIC16F887/ADC vref lcd.X/LCD.inc
                Delay15ms   0x00013c    program     static /home/omars/MPLABXProjects/PIC16F887/ADC vref lcd.X/LCD.inc
               Delay167us   0x000116    program     static /home/omars/MPLABXProjects/PIC16F887/ADC vref lcd.X/LCD.inc
                 Delay1ms   0x000134    program     static /home/omars/MPLABXProjects/PIC16F887/ADC vref lcd.X/LCD.inc
               Delay334us   0x00011d    program     static /home/omars/MPLABXProjects/PIC16F887/ADC vref lcd.X/LCD.inc
               Delay4_1ms   0x000125    program     static /home/omars/MPLABXProjects/PIC16F887/ADC vref lcd.X/LCD.inc
               Delay668us   0x000144    program     static /home/omars/MPLABXProjects/PIC16F887/ADC vref lcd.X/LCD.inc
                   INICIO   0x000005    program     static /home/omars/MPLABXProjects/PIC16F887/ADC vref lcd.X/main.asm
          Init_CONVERSION   0x000043    program     static /home/omars/MPLABXProjects/PIC16F887/ADC vref lcd.X/main.asm
                 LCD_Char   0x0000cd    program     static /home/omars/MPLABXProjects/PIC16F887/ADC vref lcd.X/LCD.inc
                LCD_Clear   0x0000e2    program     static /home/omars/MPLABXProjects/PIC16F887/ADC vref lcd.X/LCD.inc
                 LCD_GoTo   0x000102    program     static /home/omars/MPLABXProjects/PIC16F887/ADC vref lcd.X/LCD.inc
                 LCD_Home   0x0000f2    program     static /home/omars/MPLABXProjects/PIC16F887/ADC vref lcd.X/LCD.inc
                 LCD_Init   0x000052    program     static /home/omars/MPLABXProjects/PIC16F887/ADC vref lcd.X/LCD.inc
           MULTIPLICATION   0x00014b    program     static /home/omars/MPLABXProjects/PIC16F887/ADC vref lcd.X/MUL.inc
                      P0W   0x000158    program     static /home/omars/MPLABXProjects/PIC16F887/ADC vref lcd.X/POW.inc



                              Symbols - Sorted by Address
                     Name    Address   Location    Storage File                     
                ---------  ---------  ---------  --------- ---------                
                   INICIO   0x000005    program     static /home/omars/MPLABXProjects/PIC16F887/ADC vref lcd.X/main.asm
                    BUCLE   0x00002e    program     static /home/omars/MPLABXProjects/PIC16F887/ADC vref lcd.X/main.asm
          Init_CONVERSION   0x000043    program     static /home/omars/MPLABXProjects/PIC16F887/ADC vref lcd.X/main.asm
               CONVERSION   0x000044    program     static /home/omars/MPLABXProjects/PIC16F887/ADC vref lcd.X/main.asm
                 LCD_Init   0x000052    program     static /home/omars/MPLABXProjects/PIC16F887/ADC vref lcd.X/LCD.inc
                 LCD_Char   0x0000cd    program     static /home/omars/MPLABXProjects/PIC16F887/ADC vref lcd.X/LCD.inc
                LCD_Clear   0x0000e2    program     static /home/omars/MPLABXProjects/PIC16F887/ADC vref lcd.X/LCD.inc
                 LCD_Home   0x0000f2    program     static /home/omars/MPLABXProjects/PIC16F887/ADC vref lcd.X/LCD.inc
                 LCD_GoTo   0x000102    program     static /home/omars/MPLABXProjects/PIC16F887/ADC vref lcd.X/LCD.inc
               Delay167us   0x000116    program     static /home/omars/MPLABXProjects/PIC16F887/ADC vref lcd.X/LCD.inc
                   D167us   0x00011a    program     static /home/omars/MPLABXProjects/PIC16F887/ADC vref lcd.X/LCD.inc
               Delay334us   0x00011d    program     static /home/omars/MPLABXProjects/PIC16F887/ADC vref lcd.X/LCD.inc
                   D334us   0x000121    program     static /home/omars/MPLABXProjects/PIC16F887/ADC vref lcd.X/LCD.inc
               Delay4_1ms   0x000125    program     static /home/omars/MPLABXProjects/PIC16F887/ADC vref lcd.X/LCD.inc
                   D4_1ms   0x000129    program     static /home/omars/MPLABXProjects/PIC16F887/ADC vref lcd.X/LCD.inc
               Delay100us   0x00012d    program     static /home/omars/MPLABXProjects/PIC16F887/ADC vref lcd.X/LCD.inc
                   D100us   0x000131    program     static /home/omars/MPLABXProjects/PIC16F887/ADC vref lcd.X/LCD.inc
                 Delay1ms   0x000134    program     static /home/omars/MPLABXProjects/PIC16F887/ADC vref lcd.X/LCD.inc
                     D1ms   0x000138    program     static /home/omars/MPLABXProjects/PIC16F887/ADC vref lcd.X/LCD.inc
                Delay15ms   0x00013c    program     static /home/omars/MPLABXProjects/PIC16F887/ADC vref lcd.X/LCD.inc
                    D15ms   0x000140    program     static /home/omars/MPLABXProjects/PIC16F887/ADC vref lcd.X/LCD.inc
               Delay668us   0x000144    program     static /home/omars/MPLABXProjects/PIC16F887/ADC vref lcd.X/LCD.inc
                   D668us   0x000148    program     static /home/omars/MPLABXProjects/PIC16F887/ADC vref lcd.X/LCD.inc
           MULTIPLICATION   0x00014b    program     static /home/omars/MPLABXProjects/PIC16F887/ADC vref lcd.X/MUL.inc
                BUCLE_MUL   0x00014f    program     static /home/omars/MPLABXProjects/PIC16F887/ADC vref lcd.X/MUL.inc
                      P0W   0x000158    program     static /home/omars/MPLABXProjects/PIC16F887/ADC vref lcd.X/POW.inc
                BUCLE_POW   0x000172    program     static /home/omars/MPLABXProjects/PIC16F887/ADC vref lcd.X/POW.inc


