MPLINK 5.09, LINKER
Linker Map File - Created Tue Jan  4 09:00:18 2022

                                 Section Info
                  Section       Type    Address   Location Size(Bytes)
                ---------  ---------  ---------  ---------  ---------
                   .org_0       code   0x000000    program   0x000002
                   .cinit    romdata   0x000001    program   0x000004
                   .org_1       code   0x000005    program   0x0000d8
.config_2007_BUILD/DEFAULT/PRODUCTION/MAIN.O       code   0x002007    program   0x000002
.config_2008_BUILD/DEFAULT/PRODUCTION/MAIN.O       code   0x002008    program   0x000002



                              Program Memory Usage 
                               Start         End      
                           ---------   ---------      
                            0x000000    0x000002      
                            0x000005    0x000070      
                            0x002007    0x002008      
            113 out of 8455 program addresses used, program memory utilization is 1%



                              Symbols - Sorted by Name
                     Name    Address   Location    Storage File                     
                ---------  ---------  ---------  --------- ---------                
                    BUCLE   0x000017    program     static /home/omars/MPLABXProjects/PIC16F887/Temporizador.X/main.asm
                   D100ms   0x00004d    program     static /home/omars/MPLABXProjects/PIC16F887/Temporizador.X/Timing.inc
                   D100us   0x000036    program     static /home/omars/MPLABXProjects/PIC16F887/Temporizador.X/Timing.inc
                     D1ms   0x000045    program     static /home/omars/MPLABXProjects/PIC16F887/Temporizador.X/Timing.inc
                      D1s   0x000065    program     static /home/omars/MPLABXProjects/PIC16F887/Temporizador.X/Timing.inc
                   D300ms   0x00006d    program     static /home/omars/MPLABXProjects/PIC16F887/Temporizador.X/Timing.inc
                   D500ms   0x000055    program     static /home/omars/MPLABXProjects/PIC16F887/Temporizador.X/Timing.inc
                   D500us   0x00003d    program     static /home/omars/MPLABXProjects/PIC16F887/Temporizador.X/Timing.inc
                   D700ms   0x00005d    program     static /home/omars/MPLABXProjects/PIC16F887/Temporizador.X/Timing.inc
               Delay100ms   0x000049    program     static /home/omars/MPLABXProjects/PIC16F887/Temporizador.X/Timing.inc
               Delay100us   0x000032    program     static /home/omars/MPLABXProjects/PIC16F887/Temporizador.X/Timing.inc
                 Delay1ms   0x000041    program     static /home/omars/MPLABXProjects/PIC16F887/Temporizador.X/Timing.inc
                  Delay1s   0x000061    program     static /home/omars/MPLABXProjects/PIC16F887/Temporizador.X/Timing.inc
               Delay300ms   0x000069    program     static /home/omars/MPLABXProjects/PIC16F887/Temporizador.X/Timing.inc
               Delay500ms   0x000051    program     static /home/omars/MPLABXProjects/PIC16F887/Temporizador.X/Timing.inc
               Delay500us   0x000039    program     static /home/omars/MPLABXProjects/PIC16F887/Temporizador.X/Timing.inc
               Delay700ms   0x000059    program     static /home/omars/MPLABXProjects/PIC16F887/Temporizador.X/Timing.inc
                END_CYCLE   0x000026    program     static /home/omars/MPLABXProjects/PIC16F887/Temporizador.X/main.asm
                   INICIO   0x000005    program     static /home/omars/MPLABXProjects/PIC16F887/Temporizador.X/main.asm
              SHOW_NUMBER   0x000020    program     static /home/omars/MPLABXProjects/PIC16F887/Temporizador.X/main.asm



                              Symbols - Sorted by Address
                     Name    Address   Location    Storage File                     
                ---------  ---------  ---------  --------- ---------                
                   INICIO   0x000005    program     static /home/omars/MPLABXProjects/PIC16F887/Temporizador.X/main.asm
                    BUCLE   0x000017    program     static /home/omars/MPLABXProjects/PIC16F887/Temporizador.X/main.asm
              SHOW_NUMBER   0x000020    program     static /home/omars/MPLABXProjects/PIC16F887/Temporizador.X/main.asm
                END_CYCLE   0x000026    program     static /home/omars/MPLABXProjects/PIC16F887/Temporizador.X/main.asm
               Delay100us   0x000032    program     static /home/omars/MPLABXProjects/PIC16F887/Temporizador.X/Timing.inc
                   D100us   0x000036    program     static /home/omars/MPLABXProjects/PIC16F887/Temporizador.X/Timing.inc
               Delay500us   0x000039    program     static /home/omars/MPLABXProjects/PIC16F887/Temporizador.X/Timing.inc
                   D500us   0x00003d    program     static /home/omars/MPLABXProjects/PIC16F887/Temporizador.X/Timing.inc
                 Delay1ms   0x000041    program     static /home/omars/MPLABXProjects/PIC16F887/Temporizador.X/Timing.inc
                     D1ms   0x000045    program     static /home/omars/MPLABXProjects/PIC16F887/Temporizador.X/Timing.inc
               Delay100ms   0x000049    program     static /home/omars/MPLABXProjects/PIC16F887/Temporizador.X/Timing.inc
                   D100ms   0x00004d    program     static /home/omars/MPLABXProjects/PIC16F887/Temporizador.X/Timing.inc
               Delay500ms   0x000051    program     static /home/omars/MPLABXProjects/PIC16F887/Temporizador.X/Timing.inc
                   D500ms   0x000055    program     static /home/omars/MPLABXProjects/PIC16F887/Temporizador.X/Timing.inc
               Delay700ms   0x000059    program     static /home/omars/MPLABXProjects/PIC16F887/Temporizador.X/Timing.inc
                   D700ms   0x00005d    program     static /home/omars/MPLABXProjects/PIC16F887/Temporizador.X/Timing.inc
                  Delay1s   0x000061    program     static /home/omars/MPLABXProjects/PIC16F887/Temporizador.X/Timing.inc
                      D1s   0x000065    program     static /home/omars/MPLABXProjects/PIC16F887/Temporizador.X/Timing.inc
               Delay300ms   0x000069    program     static /home/omars/MPLABXProjects/PIC16F887/Temporizador.X/Timing.inc
                   D300ms   0x00006d    program     static /home/omars/MPLABXProjects/PIC16F887/Temporizador.X/Timing.inc


